// Jest Snapshot v1, https://goo.gl/fbAQLP

exports[`Terminate Instance workflow renders correctly 1`] = `
"<Wizard dataLayout={{...}} heading={[undefined]}>
  <PodIdentifier name=\\"Lookup\\" resolverType=\\"clutch.k8s.v1.Pod\\" />
  <PodDetails name=\\"Modify\\" />
  <Confirm name=\\"Confirmation\\" />
</Wizard>"
`;
